
 N E X T F L O W   ~  version 24.04.4

Launching `/app/workflows_user/feature_based_molecular_networking_workflow/nf_workflow.nf` [goofy_picasso] DSL2 - revision: 4f081d111f

[-        ] filesummary                    -
[-        ] qua…fication_table_reformatted -
[-        ] filter_spectra                 -
[-        ] librarySearchData              -
[-        ] librarymergeResults            -

[-        ] filesummary                    -
[-        ] qua…fication_table_reformatted -
[-        ] filter_spectra                 -
[-        ] librarySearchData              -
[-        ] librarymergeResults            -
[-        ] summaryLibrary                 -
[-        ] librarygetGNPSAnnotations      -
[-        ] networkingGNPSPrepParams       -
[-        ] calculatePairs                 -
[-        ] filterNetwork                  -
[-        ] createMetadataFile             -
[-        ] calculateGroupings             -
[-        ] enrichClusterSummary           -
[-        ] createNetworkGraphML           -
[-        ] createTallRawData              -
[-        ] createMztabOutput              -

executor >  slurm (1)
[-        ] filesummary                    | 0 of 1
[-        ] qua…fication_table_reformatted | 0 of 1
[-        ] filter_spectra                 -
[-        ] librarySearchData              -
[-        ] librarymergeResults            -
[6b/2fbcfa] summaryLibrary (12)            | 0 of 68
[-        ] librarygetGNPSAnnotations      -
[-        ] networkingGNPSPrepParams       -
[-        ] calculatePairs                 -
[-        ] filterNetwork                  -
[-        ] createMetadataFile             | 0 of 1
[-        ] calculateGroupings             -
[-        ] enrichClusterSummary           -
[-        ] createNetworkGraphML           -
[-        ] createTallRawData              -
[-        ] createMztabOutput              -

executor >  slurm (9)
[-        ] filesummary                    | 0 of 1
[18/c34b68] qua…tion_table_reformatted (1) | 0 of 1
[-        ] filter_spectra                 -
[-        ] librarySearchData              -
[-        ] librarymergeResults            -
[90/4da1bd] summaryLibrary (14)            | 0 of 75
[-        ] librarygetGNPSAnnotations      -
[-        ] networkingGNPSPrepParams       -
[-        ] calculatePairs                 -
[-        ] filterNetwork                  -
[2d/188536] createMetadataFile             | 0 of 1
[-        ] calculateGroupings             -
[-        ] enrichClusterSummary           -
[-        ] createNetworkGraphML           -
[-        ] createTallRawData              -
[-        ] createMztabOutput              -

executor >  slurm (14)
[a1/7db0da] filesummary (1)                | 0 of 1
[18/c34b68] qua…tion_table_reformatted (1) | 0 of 1
[-        ] filter_spectra                 -
[-        ] librarySearchData              -
[-        ] librarymergeResults            -
[8b/bf2c7f] summaryLibrary (8)             | 0 of 75
[-        ] librarygetGNPSAnnotations      -
[-        ] networkingGNPSPrepParams       -
[-        ] calculatePairs                 -
[-        ] filterNetwork                  -
[2d/188536] createMetadataFile             | 0 of 1
[-        ] calculateGroupings             -
[-        ] enrichClusterSummary           -
[-        ] createNetworkGraphML           -
[-        ] createTallRawData              -
[-        ] createMztabOutput              -

executor >  slurm (19)
[a1/7db0da] filesummary (1)                | 0 of 1
[18/c34b68] qua…tion_table_reformatted (1) | 0 of 1
[-        ] filter_spectra                 -
[-        ] librarySearchData              -
[-        ] librarymergeResults            -
[67/82b3ce] summaryLibrary (15)            | 0 of 75
[-        ] librarygetGNPSAnnotations      -
[-        ] networkingGNPSPrepParams       -
[-        ] calculatePairs                 -
[-        ] filterNetwork                  -
[2d/188536] createMetadataFile             | 0 of 1
[-        ] calculateGroupings             -
[-        ] enrichClusterSummary           -
[-        ] createNetworkGraphML           -
[-        ] createTallRawData              -
[-        ] createMztabOutput              -

executor >  slurm (19)
[a1/7db0da] filesummary (1)                | 0 of 1
[18/c34b68] qua…tion_table_reformatted (1) | 0 of 1
[-        ] filter_spectra                 -
[-        ] librarySearchData              -
[-        ] librarymergeResults            -
[67/82b3ce] summaryLibrary (15)            | 0 of 75
[-        ] librarygetGNPSAnnotations      -
[-        ] networkingGNPSPrepParams       -
[-        ] calculatePairs                 -
[-        ] filterNetwork                  -
[2d/188536] createMetadataFile             | 0 of 1
[-        ] calculateGroupings             -
[-        ] enrichClusterSummary           -
[-        ] createNetworkGraphML           -
[-        ] createTallRawData              -
[-        ] createMztabOutput              -

executor >  slurm (19)
[a1/7db0da] filesummary (1)                | 0 of 1
[18/c34b68] qua…tion_table_reformatted (1) | 0 of 1
[-        ] filter_spectra                 -
[-        ] librarySearchData              -
[-        ] librarymergeResults            -
[67/82b3ce] summaryLibrary (15)            | 0 of 75
[-        ] librarygetGNPSAnnotations      -
[-        ] networkingGNPSPrepParams       -
[-        ] calculatePairs                 -
[-        ] filterNetwork                  -
[2d/188536] createMetadataFile             | 0 of 1
[-        ] calculateGroupings             -
[-        ] enrichClusterSummary           -
[-        ] createNetworkGraphML           -
[-        ] createTallRawData              -
[-        ] createMztabOutput              -

executor >  slurm (21)
[a1/7db0da] filesummary (1)                | 0 of 1
[18/c34b68] qua…tion_table_reformatted (1) | 0 of 1
[-        ] filter_spectra                 -
[-        ] librarySearchData              -
[-        ] librarymergeResults            -
[c3/b70889] summaryLibrary (17)            | 7 of 75
[-        ] librarygetGNPSAnnotations      -
[-        ] networkingGNPSPrepParams       -
[-        ] calculatePairs                 -
[-        ] filterNetwork                  -
[2d/188536] createMetadataFile             | 1 of 1 ✔
[-        ] calculateGroupings             -
[-        ] enrichClusterSummary           -
[-        ] createNetworkGraphML           -
[-        ] createTallRawData              -
[-        ] createMztabOutput              -

executor >  slurm (23)
[a1/7db0da] filesummary (1)                | 0 of 1
[18/c34b68] qua…tion_table_reformatted (1) | 0 of 1
[-        ] filter_spectra                 -
[-        ] librarySearchData              -
[-        ] librarymergeResults            -
[1b/537249] summaryLibrary (20)            | 7 of 75
[-        ] librarygetGNPSAnnotations      -
[-        ] networkingGNPSPrepParams       -
[-        ] calculatePairs                 -
[-        ] filterNetwork                  -
[2d/188536] createMetadataFile             | 1 of 1 ✔
[-        ] calculateGroupings             -
[-        ] enrichClusterSummary           -
[-        ] createNetworkGraphML           -
[-        ] createTallRawData              -
[-        ] createMztabOutput              -

executor >  slurm (26)
[a1/7db0da] filesummary (1)                | 0 of 1
[18/c34b68] qua…tion_table_reformatted (1) | 0 of 1
[-        ] filter_spectra                 -
[-        ] librarySearchData              -
[-        ] librarymergeResults            -
[70/f0c85c] summaryLibrary (23)            | 7 of 75
[-        ] librarygetGNPSAnnotations      -
[-        ] networkingGNPSPrepParams       -
[-        ] calculatePairs                 -
[-        ] filterNetwork                  -
[2d/188536] createMetadataFile             | 1 of 1 ✔
[-        ] calculateGroupings             -
[-        ] enrichClusterSummary           -
[-        ] createNetworkGraphML           -
[-        ] createTallRawData              -
[-        ] createMztabOutput              -

executor >  slurm (27)
[a1/7db0da] filesummary (1)                | 1 of 1 ✔
[18/c34b68] qua…tion_table_reformatted (1) | 0 of 1 ✔
[-        ] filter_spectra                 -
[-        ] librarySearchData              -
[-        ] librarymergeResults            -
[67/82b3ce] summaryLibrary (15)            | 15 of 75
[-        ] librarygetGNPSAnnotations      -
[-        ] networkingGNPSPrepParams       -
[-        ] calculatePairs                 -
[-        ] filterNetwork                  -
[2d/188536] createMetadataFile             | 1 of 1 ✔
[-        ] calculateGroupings             -
[-        ] enrichClusterSummary           -
[-        ] createNetworkGraphML           -
[-        ] createTallRawData              -
[-        ] createMztabOutput              -

executor >  slurm (32)
[a1/7db0da] filesummary (1)                | 1 of 1 ✔
[18/c34b68] qua…tion_table_reformatted (1) | 1 of 1 ✔
[-        ] filter_spectra                 | 0 of 1
[-        ] librarySearchData              -
[-        ] librarymergeResults            -
[97/15a8be] summaryLibrary (28)            | 16 of 75
[-        ] librarygetGNPSAnnotations      -
[-        ] networkingGNPSPrepParams       -
[-        ] calculatePairs                 -
[-        ] filterNetwork                  -
[2d/188536] createMetadataFile             | 1 of 1 ✔
[-        ] calculateGroupings             | 0 of 1
[-        ] enrichClusterSummary           -
[-        ] createNetworkGraphML           -
[-        ] createTallRawData              | 0 of 1
[-        ] createMztabOutput              -

executor >  slurm (38)
[a1/7db0da] filesummary (1)                | 1 of 1 ✔
[18/c34b68] qua…tion_table_reformatted (1) | 1 of 1 ✔
[5b/6eefd2] filter_spectra (1)             | 0 of 1
[-        ] librarySearchData              -
[-        ] librarymergeResults            -
[9f/cbce44] summaryLibrary (31)            | 16 of 75
[-        ] librarygetGNPSAnnotations      -
[-        ] networkingGNPSPrepParams       -
[-        ] calculatePairs                 -
[-        ] filterNetwork                  -
[2d/188536] createMetadataFile             | 1 of 1 ✔
[a4/77460d] calculateGroupings (1)         | 0 of 1
[-        ] enrichClusterSummary           -
[-        ] createNetworkGraphML           -
[39/9b5c80] createTallRawData (1)          | 0 of 1
[-        ] createMztabOutput              -

executor >  slurm (44)
[a1/7db0da] filesummary (1)                | 1 of 1 ✔
[18/c34b68] qua…tion_table_reformatted (1) | 1 of 1 ✔
[5b/6eefd2] filter_spectra (1)             | 0 of 1
[-        ] librarySearchData              -
[-        ] librarymergeResults            -
[c1/16ea0e] summaryLibrary (37)            | 24 of 75
[-        ] librarygetGNPSAnnotations      -
[-        ] networkingGNPSPrepParams       -
[-        ] calculatePairs                 -
[-        ] filterNetwork                  -
[2d/188536] createMetadataFile             | 1 of 1 ✔
[a4/77460d] calculateGroupings (1)         | 0 of 1
[-        ] enrichClusterSummary           -
[-        ] createNetworkGraphML           -
[39/9b5c80] createTallRawData (1)          | 0 of 1
[-        ] createMztabOutput              -

executor >  slurm (46)
[a1/7db0da] filesummary (1)                | 1 of 1 ✔
[18/c34b68] qua…tion_table_reformatted (1) | 1 of 1 ✔
[5b/6eefd2] filter_spectra (1)             | 0 of 1
[-        ] librarySearchData              -
[-        ] librarymergeResults            -
[02/5018d7] summaryLibrary (36)            | 24 of 75
[-        ] librarygetGNPSAnnotations      -
[-        ] networkingGNPSPrepParams       -
[-        ] calculatePairs                 -
[-        ] filterNetwork                  -
[2d/188536] createMetadataFile             | 1 of 1 ✔
[a4/77460d] calculateGroupings (1)         | 0 of 1
[-        ] enrichClusterSummary           -
[-        ] createNetworkGraphML           -
[39/9b5c80] createTallRawData (1)          | 0 of 1
[-        ] createMztabOutput              -

executor >  slurm (46)
[a1/7db0da] filesummary (1)                | 1 of 1 ✔
[18/c34b68] qua…tion_table_reformatted (1) | 1 of 1 ✔
[5b/6eefd2] filter_spectra (1)             | 0 of 1
[-        ] librarySearchData              -
[-        ] librarymergeResults            -
[97/15a8be] summaryLibrary (28)            | 28 of 75
[-        ] librarygetGNPSAnnotations      -
[-        ] networkingGNPSPrepParams       -
[-        ] calculatePairs                 -
[-        ] filterNetwork                  -
[2d/188536] createMetadataFile             | 1 of 1 ✔
[a4/77460d] calculateGroupings (1)         | 0 of 1
[-        ] enrichClusterSummary           -
[-        ] createNetworkGraphML           -
[39/9b5c80] createTallRawData (1)          | 0 of 1
[-        ] createMztabOutput              -

executor >  slurm (48)
[a1/7db0da] filesummary (1)                | 1 of 1 ✔
[18/c34b68] qua…tion_table_reformatted (1) | 1 of 1 ✔
[5b/6eefd2] filter_spectra (1)             | 1 of 1 ✔
[-        ] librarySearchData              | 0 of 4
[-        ] librarymergeResults            -
[02/5018d7] summaryLibrary (36)            | 32 of 75
[-        ] librarygetGNPSAnnotations      -
[-        ] networkingGNPSPrepParams       | 0 of 1
[-        ] calculatePairs                 -
[-        ] filterNetwork                  -
[2d/188536] createMetadataFile             | 1 of 1 ✔
[a4/77460d] calculateGroupings (1)         | 1 of 1 ✔
[-        ] enrichClusterSummary           -
[-        ] createNetworkGraphML           -
[39/9b5c80] createTallRawData (1)          | 1 of 1 ✔
[-        ] createMztabOutput              -

executor >  slurm (54)
[a1/7db0da] filesummary (1)                | 1 of 1 ✔
[18/c34b68] qua…tion_table_reformatted (1) | 1 of 1 ✔
[5b/6eefd2] filter_spectra (1)             | 1 of 1 ✔
[-        ] librarySearchData              | 0 of 75
[-        ] librarymergeResults            -
[ae/ca4098] summaryLibrary (48)            | 32 of 75
[-        ] librarygetGNPSAnnotations      -
[-        ] networkingGNPSPrepParams       | 0 of 1
[-        ] calculatePairs                 -
[-        ] filterNetwork                  -
[2d/188536] createMetadataFile             | 1 of 1 ✔
[a4/77460d] calculateGroupings (1)         | 1 of 1 ✔
[-        ] enrichClusterSummary           -
[-        ] createNetworkGraphML           -
[39/9b5c80] createTallRawData (1)          | 1 of 1 ✔
[-        ] createMztabOutput              -

executor >  slurm (57)
[a1/7db0da] filesummary (1)                | 1 of 1 ✔
[18/c34b68] qua…tion_table_reformatted (1) | 1 of 1 ✔
[5b/6eefd2] filter_spectra (1)             | 1 of 1 ✔
[ea/b8d821] librarySearchData (9)          | 0 of 75
[-        ] librarymergeResults            -
[ae/ca4098] summaryLibrary (48)            | 32 of 75
[-        ] librarygetGNPSAnnotations      -
[d5/d75885] networkingGNPSPrepParams (1)   | 0 of 1
[-        ] calculatePairs                 -
[-        ] filterNetwork                  -
[2d/188536] createMetadataFile             | 1 of 1 ✔
[a4/77460d] calculateGroupings (1)         | 1 of 1 ✔
[-        ] enrichClusterSummary           -
[-        ] createNetworkGraphML           -
[39/9b5c80] createTallRawData (1)          | 1 of 1 ✔
[-        ] createMztabOutput              -

executor >  slurm (62)
[a1/7db0da] filesummary (1)                | 1 of 1 ✔
[18/c34b68] qua…tion_table_reformatted (1) | 1 of 1 ✔
[5b/6eefd2] filter_spectra (1)             | 1 of 1 ✔
[09/851009] librarySearchData (8)          | 0 of 75
[-        ] librarymergeResults            -
[ae/ca4098] summaryLibrary (48)            | 32 of 75
[-        ] librarygetGNPSAnnotations      -
[d5/d75885] networkingGNPSPrepParams (1)   | 0 of 1
[-        ] calculatePairs                 -
[-        ] filterNetwork                  -
[2d/188536] createMetadataFile             | 1 of 1 ✔
[a4/77460d] calculateGroupings (1)         | 1 of 1 ✔
[-        ] enrichClusterSummary           -
[-        ] createNetworkGraphML           -
[39/9b5c80] createTallRawData (1)          | 1 of 1 ✔
[-        ] createMztabOutput              -

executor >  slurm (67)
[a1/7db0da] filesummary (1)                | 1 of 1 ✔
[18/c34b68] qua…tion_table_reformatted (1) | 1 of 1 ✔
[5b/6eefd2] filter_spectra (1)             | 1 of 1 ✔
[0f/2e309d] librarySearchData (7)          | 0 of 75
[-        ] librarymergeResults            -
[ae/ca4098] summaryLibrary (48)            | 32 of 75
[-        ] librarygetGNPSAnnotations      -
[d5/d75885] networkingGNPSPrepParams (1)   | 0 of 1
[-        ] calculatePairs                 -
[-        ] filterNetwork                  -
[2d/188536] createMetadataFile             | 1 of 1 ✔
[a4/77460d] calculateGroupings (1)         | 1 of 1 ✔
[-        ] enrichClusterSummary           -
[-        ] createNetworkGraphML           -
[39/9b5c80] createTallRawData (1)          | 1 of 1 ✔
[-        ] createMztabOutput              -

executor >  slurm (71)
[a1/7db0da] filesummary (1)                | 1 of 1 ✔
[18/c34b68] qua…tion_table_reformatted (1) | 1 of 1 ✔
[5b/6eefd2] filter_spectra (1)             | 1 of 1 ✔
[ad/d54d06] librarySearchData (11)         | 0 of 75
[-        ] librarymergeResults            -
[ae/ca4098] summaryLibrary (48)            | 32 of 75
[-        ] librarygetGNPSAnnotations      -
[d5/d75885] networkingGNPSPrepParams (1)   | 0 of 1
[-        ] calculatePairs                 -
[-        ] filterNetwork                  -
[2d/188536] createMetadataFile             | 1 of 1 ✔
[a4/77460d] calculateGroupings (1)         | 1 of 1 ✔
[-        ] enrichClusterSummary           -
[-        ] createNetworkGraphML           -
[39/9b5c80] createTallRawData (1)          | 1 of 1 ✔
[-        ] createMztabOutput              -

executor >  slurm (71)
[a1/7db0da] filesummary (1)                | 1 of 1 ✔
[18/c34b68] qua…tion_table_reformatted (1) | 1 of 1 ✔
[5b/6eefd2] filter_spectra (1)             | 1 of 1 ✔
[ad/d54d06] librarySearchData (11)         | 0 of 75
[-        ] librarymergeResults            -
[ec/38095c] summaryLibrary (38)            | 36 of 75
[-        ] librarygetGNPSAnnotations      -
[d5/d75885] networkingGNPSPrepParams (1)   | 0 of 1
[-        ] calculatePairs                 -
[-        ] filterNetwork                  -
[2d/188536] createMetadataFile             | 1 of 1 ✔
[a4/77460d] calculateGroupings (1)         | 1 of 1 ✔
[-        ] enrichClusterSummary           -
[-        ] createNetworkGraphML           -
[39/9b5c80] createTallRawData (1)          | 1 of 1 ✔
[-        ] createMztabOutput              -

executor >  slurm (74)
[a1/7db0da] filesummary (1)                | 1 of 1 ✔
[18/c34b68] qua…tion_table_reformatted (1) | 1 of 1 ✔
[5b/6eefd2] filter_spectra (1)             | 1 of 1 ✔
[ad/d54d06] librarySearchData (11)         | 0 of 75
[-        ] librarymergeResults            -
[2f/4fe350] summaryLibrary (50)            | 36 of 75
[-        ] librarygetGNPSAnnotations      -
[d5/d75885] networkingGNPSPrepParams (1)   | 1 of 1 ✔
[-        ] calculatePairs                 | 0 of 1
[-        ] filterNetwork                  -
[2d/188536] createMetadataFile             | 1 of 1 ✔
[a4/77460d] calculateGroupings (1)         | 1 of 1 ✔
[-        ] enrichClusterSummary           -
[-        ] createNetworkGraphML           -
[39/9b5c80] createTallRawData (1)          | 1 of 1 ✔
[-        ] createMztabOutput              -

executor >  slurm (76)
[a1/7db0da] filesummary (1)                | 1 of 1 ✔
[18/c34b68] qua…tion_table_reformatted (1) | 1 of 1 ✔
[5b/6eefd2] filter_spectra (1)             | 1 of 1 ✔
[ad/d54d06] librarySearchData (11)         | 0 of 75
[-        ] librarymergeResults            -
[d1/e1b52a] summaryLibrary (52)            | 36 of 75
[-        ] librarygetGNPSAnnotations      -
[d5/d75885] networkingGNPSPrepParams (1)   | 1 of 1 ✔
[fc/8b8af4] calculatePairs (1)             | 0 of 1
[-        ] filterNetwork                  -
[2d/188536] createMetadataFile             | 1 of 1 ✔
[a4/77460d] calculateGroupings (1)         | 1 of 1 ✔
[-        ] enrichClusterSummary           -
[-        ] createNetworkGraphML           -
[39/9b5c80] createTallRawData (1)          | 1 of 1 ✔
[-        ] createMztabOutput              -

executor >  slurm (80)
[a1/7db0da] filesummary (1)                | 1 of 1 ✔
[18/c34b68] qua…tion_table_reformatted (1) | 1 of 1 ✔
[5b/6eefd2] filter_spectra (1)             | 1 of 1 ✔
[65/cd72d2] librarySearchData (6)          | 9 of 75
[-        ] librarymergeResults            -
[d2/58593f] summaryLibrary (54)            | 48 of 75
[-        ] librarygetGNPSAnnotations      -
[d5/d75885] networkingGNPSPrepParams (1)   | 1 of 1 ✔
[fc/8b8af4] calculatePairs (1)             | 1 of 1 ✔
[-        ] filterNetwork                  -
[2d/188536] createMetadataFile             | 1 of 1 ✔
[a4/77460d] calculateGroupings (1)         | 1 of 1 ✔
[-        ] enrichClusterSummary           -
[-        ] createNetworkGraphML           -
[39/9b5c80] createTallRawData (1)          | 1 of 1 ✔
[-        ] createMztabOutput              -

executor >  slurm (87)
[a1/7db0da] filesummary (1)                | 1 of 1 ✔
[18/c34b68] qua…tion_table_reformatted (1) | 1 of 1 ✔
[5b/6eefd2] filter_spectra (1)             | 1 of 1 ✔
[65/cd72d2] librarySearchData (6)          | 9 of 75
[-        ] librarymergeResults            -
[d7/bef57d] summaryLibrary (62)            | 48 of 75
[-        ] librarygetGNPSAnnotations      -
[d5/d75885] networkingGNPSPrepParams (1)   | 1 of 1 ✔
[fc/8b8af4] calculatePairs (1)             | 1 of 1 ✔
[-        ] filterNetwork                  | 0 of 1
[2d/188536] createMetadataFile             | 1 of 1 ✔
[a4/77460d] calculateGroupings (1)         | 1 of 1 ✔
[-        ] enrichClusterSummary           -
[-        ] createNetworkGraphML           -
[39/9b5c80] createTallRawData (1)          | 1 of 1 ✔
[-        ] createMztabOutput              -

executor >  slurm (94)
[a1/7db0da] filesummary (1)                | 1 of 1 ✔
[18/c34b68] qua…tion_table_reformatted (1) | 1 of 1 ✔
[5b/6eefd2] filter_spectra (1)             | 1 of 1 ✔
[54/622a42] librarySearchData (22)         | 9 of 75
[-        ] librarymergeResults            -
[54/5acb63] summaryLibrary (63)            | 48 of 75
[-        ] librarygetGNPSAnnotations      -
[d5/d75885] networkingGNPSPrepParams (1)   | 1 of 1 ✔
[fc/8b8af4] calculatePairs (1)             | 1 of 1 ✔
[-        ] filterNetwork                  | 0 of 1
[2d/188536] createMetadataFile             | 1 of 1 ✔
[a4/77460d] calculateGroupings (1)         | 1 of 1 ✔
[-        ] enrichClusterSummary           -
[-        ] createNetworkGraphML           -
[39/9b5c80] createTallRawData (1)          | 1 of 1 ✔
[-        ] createMztabOutput              -

executor >  slurm (98)
[a1/7db0da] filesummary (1)                | 1 of 1 ✔
[18/c34b68] qua…tion_table_reformatted (1) | 1 of 1 ✔
[5b/6eefd2] filter_spectra (1)             | 1 of 1 ✔
[c8/d46ca3] librarySearchData (25)         | 9 of 75
[-        ] librarymergeResults            -
[54/5acb63] summaryLibrary (63)            | 48 of 75
[-        ] librarygetGNPSAnnotations      -
[d5/d75885] networkingGNPSPrepParams (1)   | 1 of 1 ✔
[fc/8b8af4] calculatePairs (1)             | 1 of 1 ✔
[57/959e5d] filterNetwork (1)              | 0 of 1
[2d/188536] createMetadataFile             | 1 of 1 ✔
[a4/77460d] calculateGroupings (1)         | 1 of 1 ✔
[-        ] enrichClusterSummary           -
[-        ] createNetworkGraphML           -
[39/9b5c80] createTallRawData (1)          | 1 of 1 ✔
[-        ] createMztabOutput              -

executor >  slurm (100)
[a1/7db0da] filesummary (1)                | 1 of 1 ✔
[18/c34b68] qua…tion_table_reformatted (1) | 1 of 1 ✔
[5b/6eefd2] filter_spectra (1)             | 1 of 1 ✔
[b6/3e1a9e] librarySearchData (15)         | 10 of 75
[-        ] librarymergeResults            -
[f1/dbfa98] summaryLibrary (65)            | 52 of 75
[-        ] librarygetGNPSAnnotations      -
[d5/d75885] networkingGNPSPrepParams (1)   | 1 of 1 ✔
[fc/8b8af4] calculatePairs (1)             | 1 of 1 ✔
[57/959e5d] filterNetwork (1)              | 0 of 1
[2d/188536] createMetadataFile             | 1 of 1 ✔
[a4/77460d] calculateGroupings (1)         | 1 of 1 ✔
[-        ] enrichClusterSummary           -
[-        ] createNetworkGraphML           -
[39/9b5c80] createTallRawData (1)          | 1 of 1 ✔
[-        ] createMztabOutput              -

executor >  slurm (103)
[a1/7db0da] filesummary (1)                | 1 of 1 ✔
[18/c34b68] qua…tion_table_reformatted (1) | 1 of 1 ✔
[5b/6eefd2] filter_spectra (1)             | 1 of 1 ✔
[74/24e5c8] librarySearchData (26)         | 10 of 75
[-        ] librarymergeResults            -
[ac/f385ae] summaryLibrary (69)            | 52 of 75
[-        ] librarygetGNPSAnnotations      -
[d5/d75885] networkingGNPSPrepParams (1)   | 1 of 1 ✔
[fc/8b8af4] calculatePairs (1)             | 1 of 1 ✔
[57/959e5d] filterNetwork (1)              | 0 of 1
[2d/188536] createMetadataFile             | 1 of 1 ✔
[a4/77460d] calculateGroupings (1)         | 1 of 1 ✔
[-        ] enrichClusterSummary           -
[-        ] createNetworkGraphML           -
[39/9b5c80] createTallRawData (1)          | 1 of 1 ✔
[-        ] createMztabOutput              -

executor >  slurm (103)
[a1/7db0da] filesummary (1)                | 1 of 1 ✔
[18/c34b68] qua…tion_table_reformatted (1) | 1 of 1 ✔
[5b/6eefd2] filter_spectra (1)             | 1 of 1 ✔
[74/24e5c8] librarySearchData (26)         | 10 of 75
[-        ] librarymergeResults            -
[ae/ca4098] summaryLibrary (48)            | 53 of 75
[-        ] librarygetGNPSAnnotations      -
[d5/d75885] networkingGNPSPrepParams (1)   | 1 of 1 ✔
[fc/8b8af4] calculatePairs (1)             | 1 of 1 ✔
[57/959e5d] filterNetwork (1)              | 0 of 1
[2d/188536] createMetadataFile             | 1 of 1 ✔
[a4/77460d] calculateGroupings (1)         | 1 of 1 ✔
[-        ] enrichClusterSummary           -
[-        ] createNetworkGraphML           -
[39/9b5c80] createTallRawData (1)          | 1 of 1 ✔
[-        ] createMztabOutput              -

executor >  slurm (108)
[a1/7db0da] filesummary (1)                | 1 of 1 ✔
[18/c34b68] qua…tion_table_reformatted (1) | 1 of 1 ✔
[5b/6eefd2] filter_spectra (1)             | 1 of 1 ✔
[74/24e5c8] librarySearchData (26)         | 20 of 75
[-        ] librarymergeResults            -
[61/ee23ab] summaryLibrary (73)            | 63 of 75
[-        ] librarygetGNPSAnnotations      -
[d5/d75885] networkingGNPSPrepParams (1)   | 1 of 1 ✔
[fc/8b8af4] calculatePairs (1)             | 1 of 1 ✔
[57/959e5d] filterNetwork (1)              | 1 of 1 ✔
[2d/188536] createMetadataFile             | 1 of 1 ✔
[a4/77460d] calculateGroupings (1)         | 1 of 1 ✔
[-        ] enrichClusterSummary           -
[-        ] createNetworkGraphML           -
[39/9b5c80] createTallRawData (1)          | 1 of 1 ✔
[-        ] createMztabOutput              -

executor >  slurm (116)
[a1/7db0da] filesummary (1)                | 1 of 1 ✔
[18/c34b68] qua…tion_table_reformatted (1) | 1 of 1 ✔
[5b/6eefd2] filter_spectra (1)             | 1 of 1 ✔
[d8/db0a5a] librarySearchData (30)         | 20 of 75
[-        ] librarymergeResults            -
[43/8d8efb] summaryLibrary (75)            | 63 of 75
[-        ] librarygetGNPSAnnotations      -
[d5/d75885] networkingGNPSPrepParams (1)   | 1 of 1 ✔
[fc/8b8af4] calculatePairs (1)             | 1 of 1 ✔
[57/959e5d] filterNetwork (1)              | 1 of 1 ✔
[2d/188536] createMetadataFile             | 1 of 1 ✔
[a4/77460d] calculateGroupings (1)         | 1 of 1 ✔
[-        ] enrichClusterSummary           -
[-        ] createNetworkGraphML           -
[39/9b5c80] createTallRawData (1)          | 1 of 1 ✔
[-        ] createMztabOutput              -

executor >  slurm (120)
[a1/7db0da] filesummary (1)                | 1 of 1 ✔
[18/c34b68] qua…tion_table_reformatted (1) | 1 of 1 ✔
[5b/6eefd2] filter_spectra (1)             | 1 of 1 ✔
[09/f64c06] librarySearchData (38)         | 20 of 75
[-        ] librarymergeResults            -
[43/8d8efb] summaryLibrary (75)            | 63 of 75
[-        ] librarygetGNPSAnnotations      -
[d5/d75885] networkingGNPSPrepParams (1)   | 1 of 1 ✔
[fc/8b8af4] calculatePairs (1)             | 1 of 1 ✔
[57/959e5d] filterNetwork (1)              | 1 of 1 ✔
[2d/188536] createMetadataFile             | 1 of 1 ✔
[a4/77460d] calculateGroupings (1)         | 1 of 1 ✔
[-        ] enrichClusterSummary           -
[-        ] createNetworkGraphML           -
[39/9b5c80] createTallRawData (1)          | 1 of 1 ✔
[-        ] createMztabOutput              -

executor >  slurm (120)
[a1/7db0da] filesummary (1)                | 1 of 1 ✔
[18/c34b68] qua…tion_table_reformatted (1) | 1 of 1 ✔
[5b/6eefd2] filter_spectra (1)             | 1 of 1 ✔
[09/f64c06] librarySearchData (38)         | 20 of 75
[-        ] librarymergeResults            -
[ac/89cbee] summaryLibrary (55)            | 65 of 75
[-        ] librarygetGNPSAnnotations      -
[d5/d75885] networkingGNPSPrepParams (1)   | 1 of 1 ✔
[fc/8b8af4] calculatePairs (1)             | 1 of 1 ✔
[57/959e5d] filterNetwork (1)              | 1 of 1 ✔
[2d/188536] createMetadataFile             | 1 of 1 ✔
[a4/77460d] calculateGroupings (1)         | 1 of 1 ✔
[-        ] enrichClusterSummary           -
[-        ] createNetworkGraphML           -
[39/9b5c80] createTallRawData (1)          | 1 of 1 ✔
[-        ] createMztabOutput              -

executor >  slurm (120)
[a1/7db0da] filesummary (1)                | 1 of 1 ✔
[18/c34b68] qua…tion_table_reformatted (1) | 1 of 1 ✔
[5b/6eefd2] filter_spectra (1)             | 1 of 1 ✔
[09/f64c06] librarySearchData (38)         | 20 of 75
[-        ] librarymergeResults            -
[ac/89cbee] summaryLibrary (55)            | 65 of 75
[-        ] librarygetGNPSAnnotations      -
[d5/d75885] networkingGNPSPrepParams (1)   | 1 of 1 ✔
[fc/8b8af4] calculatePairs (1)             | 1 of 1 ✔
[57/959e5d] filterNetwork (1)              | 1 of 1 ✔
[2d/188536] createMetadataFile             | 1 of 1 ✔
[a4/77460d] calculateGroupings (1)         | 1 of 1 ✔
[-        ] enrichClusterSummary           -
[-        ] createNetworkGraphML           -
[39/9b5c80] createTallRawData (1)          | 1 of 1 ✔
[-        ] createMztabOutput              -

executor >  slurm (121)
[a1/7db0da] filesummary (1)                | 1 of 1 ✔
[18/c34b68] qua…tion_table_reformatted (1) | 1 of 1 ✔
[5b/6eefd2] filter_spectra (1)             | 1 of 1 ✔
[1e/89309b] librarySearchData (27)         | 22 of 75
[-        ] librarymergeResults            -
[61/ee23ab] summaryLibrary (73)            | 71 of 75
[-        ] librarygetGNPSAnnotations      -
[d5/d75885] networkingGNPSPrepParams (1)   | 1 of 1 ✔
[fc/8b8af4] calculatePairs (1)             | 1 of 1 ✔
[57/959e5d] filterNetwork (1)              | 1 of 1 ✔
[2d/188536] createMetadataFile             | 1 of 1 ✔
[a4/77460d] calculateGroupings (1)         | 1 of 1 ✔
[-        ] enrichClusterSummary           -
[-        ] createNetworkGraphML           -
[39/9b5c80] createTallRawData (1)          | 1 of 1 ✔
[-        ] createMztabOutput              -

executor >  slurm (127)
[a1/7db0da] filesummary (1)                | 1 of 1 ✔
[18/c34b68] qua…tion_table_reformatted (1) | 1 of 1 ✔
[5b/6eefd2] filter_spectra (1)             | 1 of 1 ✔
[fd/3cf1a4] librarySearchData (41)         | 31 of 75
[-        ] librarymergeResults            -
[61/ee23ab] summaryLibrary (73)            | 71 of 75
[-        ] librarygetGNPSAnnotations      -
[d5/d75885] networkingGNPSPrepParams (1)   | 1 of 1 ✔
[fc/8b8af4] calculatePairs (1)             | 1 of 1 ✔
[57/959e5d] filterNetwork (1)              | 1 of 1 ✔
[2d/188536] createMetadataFile             | 1 of 1 ✔
[a4/77460d] calculateGroupings (1)         | 1 of 1 ✔
[-        ] enrichClusterSummary           -
[-        ] createNetworkGraphML           -
[39/9b5c80] createTallRawData (1)          | 1 of 1 ✔
[-        ] createMztabOutput              -

executor >  slurm (131)
[a1/7db0da] filesummary (1)                | 1 of 1 ✔
[18/c34b68] qua…tion_table_reformatted (1) | 1 of 1 ✔
[5b/6eefd2] filter_spectra (1)             | 1 of 1 ✔
[2c/68ec9e] librarySearchData (46)         | 31 of 75
[-        ] librarymergeResults            -
[61/ee23ab] summaryLibrary (73)            | 71 of 75
[-        ] librarygetGNPSAnnotations      -
[d5/d75885] networkingGNPSPrepParams (1)   | 1 of 1 ✔
[fc/8b8af4] calculatePairs (1)             | 1 of 1 ✔
[57/959e5d] filterNetwork (1)              | 1 of 1 ✔
[2d/188536] createMetadataFile             | 1 of 1 ✔
[a4/77460d] calculateGroupings (1)         | 1 of 1 ✔
[-        ] enrichClusterSummary           -
[-        ] createNetworkGraphML           -
[39/9b5c80] createTallRawData (1)          | 1 of 1 ✔
[-        ] createMztabOutput              -

executor >  slurm (133)
[a1/7db0da] filesummary (1)                | 1 of 1 ✔
[18/c34b68] qua…tion_table_reformatted (1) | 1 of 1 ✔
[5b/6eefd2] filter_spectra (1)             | 1 of 1 ✔
[e1/5048ff] librarySearchData (52)         | 33 of 75
[-        ] librarymergeResults            -
[61/ee23ab] summaryLibrary (73)            | 71 of 75
[-        ] librarygetGNPSAnnotations      -
[d5/d75885] networkingGNPSPrepParams (1)   | 1 of 1 ✔
[fc/8b8af4] calculatePairs (1)             | 1 of 1 ✔
[57/959e5d] filterNetwork (1)              | 1 of 1 ✔
[2d/188536] createMetadataFile             | 1 of 1 ✔
[a4/77460d] calculateGroupings (1)         | 1 of 1 ✔
[-        ] enrichClusterSummary           -
[-        ] createNetworkGraphML           -
[39/9b5c80] createTallRawData (1)          | 1 of 1 ✔
[-        ] createMztabOutput              -

executor >  slurm (139)
[a1/7db0da] filesummary (1)                | 1 of 1 ✔
[18/c34b68] qua…tion_table_reformatted (1) | 1 of 1 ✔
[5b/6eefd2] filter_spectra (1)             | 1 of 1 ✔
[f3/5e2002] librarySearchData (56)         | 39 of 75
[-        ] librarymergeResults            -
[32/ef372c] summaryLibrary (74)            | 72 of 75
[-        ] librarygetGNPSAnnotations      -
[d5/d75885] networkingGNPSPrepParams (1)   | 1 of 1 ✔
[fc/8b8af4] calculatePairs (1)             | 1 of 1 ✔
[57/959e5d] filterNetwork (1)              | 1 of 1 ✔
[2d/188536] createMetadataFile             | 1 of 1 ✔
[a4/77460d] calculateGroupings (1)         | 1 of 1 ✔
[-        ] enrichClusterSummary           -
[-        ] createNetworkGraphML           -
[39/9b5c80] createTallRawData (1)          | 1 of 1 ✔
[-        ] createMztabOutput              -

executor >  slurm (141)
[a1/7db0da] filesummary (1)                | 1 of 1 ✔
[18/c34b68] qua…tion_table_reformatted (1) | 1 of 1 ✔
[5b/6eefd2] filter_spectra (1)             | 1 of 1 ✔
[5b/999716] librarySearchData (58)         | 41 of 75
[-        ] librarymergeResults            -
[32/ef372c] summaryLibrary (74)            | 72 of 75
[-        ] librarygetGNPSAnnotations      -
[d5/d75885] networkingGNPSPrepParams (1)   | 1 of 1 ✔
[fc/8b8af4] calculatePairs (1)             | 1 of 1 ✔
[57/959e5d] filterNetwork (1)              | 1 of 1 ✔
[2d/188536] createMetadataFile             | 1 of 1 ✔
[a4/77460d] calculateGroupings (1)         | 1 of 1 ✔
[-        ] enrichClusterSummary           -
[-        ] createNetworkGraphML           -
[39/9b5c80] createTallRawData (1)          | 1 of 1 ✔
[-        ] createMztabOutput              -

executor >  slurm (142)
[a1/7db0da] filesummary (1)                | 1 of 1 ✔
[18/c34b68] qua…tion_table_reformatted (1) | 1 of 1 ✔
[5b/6eefd2] filter_spectra (1)             | 1 of 1 ✔
[0a/9600b5] librarySearchData (59)         | 46 of 75
[-        ] librarymergeResults            -
[43/8d8efb] summaryLibrary (75)            | 73 of 75
[-        ] librarygetGNPSAnnotations      -
[d5/d75885] networkingGNPSPrepParams (1)   | 1 of 1 ✔
[fc/8b8af4] calculatePairs (1)             | 1 of 1 ✔
[57/959e5d] filterNetwork (1)              | 1 of 1 ✔
[2d/188536] createMetadataFile             | 1 of 1 ✔
[a4/77460d] calculateGroupings (1)         | 1 of 1 ✔
[-        ] enrichClusterSummary           -
[-        ] createNetworkGraphML           -
[39/9b5c80] createTallRawData (1)          | 1 of 1 ✔
[-        ] createMztabOutput              -

executor >  slurm (146)
[a1/7db0da] filesummary (1)                | 1 of 1 ✔
[18/c34b68] qua…tion_table_reformatted (1) | 1 of 1 ✔
[5b/6eefd2] filter_spectra (1)             | 1 of 1 ✔
[fb/88ed93] librarySearchData (65)         | 46 of 75
[-        ] librarymergeResults            -
[43/8d8efb] summaryLibrary (75)            | 73 of 75
[-        ] librarygetGNPSAnnotations      -
[d5/d75885] networkingGNPSPrepParams (1)   | 1 of 1 ✔
[fc/8b8af4] calculatePairs (1)             | 1 of 1 ✔
[57/959e5d] filterNetwork (1)              | 1 of 1 ✔
[2d/188536] createMetadataFile             | 1 of 1 ✔
[a4/77460d] calculateGroupings (1)         | 1 of 1 ✔
[-        ] enrichClusterSummary           -
[-        ] createNetworkGraphML           -
[39/9b5c80] createTallRawData (1)          | 1 of 1 ✔
[-        ] createMztabOutput              -

executor >  slurm (146)
[a1/7db0da] filesummary (1)                | 1 of 1 ✔
[18/c34b68] qua…tion_table_reformatted (1) | 1 of 1 ✔
[5b/6eefd2] filter_spectra (1)             | 1 of 1 ✔
[e0/84a3ba] librarySearchData (54)         | 48 of 75
[-        ] librarymergeResults            -
[43/8d8efb] summaryLibrary (75)            | 73 of 75
[-        ] librarygetGNPSAnnotations      -
[d5/d75885] networkingGNPSPrepParams (1)   | 1 of 1 ✔
[fc/8b8af4] calculatePairs (1)             | 1 of 1 ✔
[57/959e5d] filterNetwork (1)              | 1 of 1 ✔
[2d/188536] createMetadataFile             | 1 of 1 ✔
[a4/77460d] calculateGroupings (1)         | 1 of 1 ✔
[-        ] enrichClusterSummary           -
[-        ] createNetworkGraphML           -
[39/9b5c80] createTallRawData (1)          | 1 of 1 ✔
[-        ] createMztabOutput              -

executor >  slurm (149)
[a1/7db0da] filesummary (1)                | 1 of 1 ✔
[18/c34b68] qua…tion_table_reformatted (1) | 1 of 1 ✔
[5b/6eefd2] filter_spectra (1)             | 1 of 1 ✔
[7f/524e7d] librarySearchData (64)         | 49 of 75
[-        ] librarymergeResults            -
[43/8d8efb] summaryLibrary (75)            | 73 of 75
[-        ] librarygetGNPSAnnotations      -
[d5/d75885] networkingGNPSPrepParams (1)   | 1 of 1 ✔
[fc/8b8af4] calculatePairs (1)             | 1 of 1 ✔
[57/959e5d] filterNetwork (1)              | 1 of 1 ✔
[2d/188536] createMetadataFile             | 1 of 1 ✔
[a4/77460d] calculateGroupings (1)         | 1 of 1 ✔
[-        ] enrichClusterSummary           -
[-        ] createNetworkGraphML           -
[39/9b5c80] createTallRawData (1)          | 1 of 1 ✔
[-        ] createMztabOutput              -

executor >  slurm (151)
[a1/7db0da] filesummary (1)                | 1 of 1 ✔
[18/c34b68] qua…tion_table_reformatted (1) | 1 of 1 ✔
[5b/6eefd2] filter_spectra (1)             | 1 of 1 ✔
[ee/834c55] librarySearchData (67)         | 54 of 75
[-        ] librarymergeResults            -
[14/f17e98] summaryLibrary (68)            | 75 of 75 ✔
[-        ] librarygetGNPSAnnotations      -
[d5/d75885] networkingGNPSPrepParams (1)   | 1 of 1 ✔
[fc/8b8af4] calculatePairs (1)             | 1 of 1 ✔
[57/959e5d] filterNetwork (1)              | 1 of 1 ✔
[2d/188536] createMetadataFile             | 1 of 1 ✔
[a4/77460d] calculateGroupings (1)         | 1 of 1 ✔
[-        ] enrichClusterSummary           -
[-        ] createNetworkGraphML           -
[39/9b5c80] createTallRawData (1)          | 1 of 1 ✔
[-        ] createMztabOutput              -

executor >  slurm (154)
[a1/7db0da] filesummary (1)                | 1 of 1 ✔
[18/c34b68] qua…tion_table_reformatted (1) | 1 of 1 ✔
[5b/6eefd2] filter_spectra (1)             | 1 of 1 ✔
[8e/5d626d] librarySearchData (70)         | 54 of 75
[-        ] librarymergeResults            -
[14/f17e98] summaryLibrary (68)            | 75 of 75 ✔
[-        ] librarygetGNPSAnnotations      -
[d5/d75885] networkingGNPSPrepParams (1)   | 1 of 1 ✔
[fc/8b8af4] calculatePairs (1)             | 1 of 1 ✔
[57/959e5d] filterNetwork (1)              | 1 of 1 ✔
[2d/188536] createMetadataFile             | 1 of 1 ✔
[a4/77460d] calculateGroupings (1)         | 1 of 1 ✔
[-        ] enrichClusterSummary           -
[-        ] createNetworkGraphML           -
[39/9b5c80] createTallRawData (1)          | 1 of 1 ✔
[-        ] createMztabOutput              -

executor >  slurm (158)
[a1/7db0da] filesummary (1)                | 1 of 1 ✔
[18/c34b68] qua…tion_table_reformatted (1) | 1 of 1 ✔
[5b/6eefd2] filter_spectra (1)             | 1 of 1 ✔
[a6/21a3b6] librarySearchData (74)         | 60 of 75
[-        ] librarymergeResults            -
[14/f17e98] summaryLibrary (68)            | 75 of 75 ✔
[-        ] librarygetGNPSAnnotations      -
[d5/d75885] networkingGNPSPrepParams (1)   | 1 of 1 ✔
[fc/8b8af4] calculatePairs (1)             | 1 of 1 ✔
[57/959e5d] filterNetwork (1)              | 1 of 1 ✔
[2d/188536] createMetadataFile             | 1 of 1 ✔
[a4/77460d] calculateGroupings (1)         | 1 of 1 ✔
[-        ] enrichClusterSummary           -
[-        ] createNetworkGraphML           -
[39/9b5c80] createTallRawData (1)          | 1 of 1 ✔
[-        ] createMztabOutput              -

executor >  slurm (159)
[a1/7db0da] filesummary (1)                | 1 of 1 ✔
[18/c34b68] qua…tion_table_reformatted (1) | 1 of 1 ✔
[5b/6eefd2] filter_spectra (1)             | 1 of 1 ✔
[5e/f0362e] librarySearchData (75)         | 60 of 75
[-        ] librarymergeResults            -
[14/f17e98] summaryLibrary (68)            | 75 of 75 ✔
[-        ] librarygetGNPSAnnotations      -
[d5/d75885] networkingGNPSPrepParams (1)   | 1 of 1 ✔
[fc/8b8af4] calculatePairs (1)             | 1 of 1 ✔
[57/959e5d] filterNetwork (1)              | 1 of 1 ✔
[2d/188536] createMetadataFile             | 1 of 1 ✔
[a4/77460d] calculateGroupings (1)         | 1 of 1 ✔
[-        ] enrichClusterSummary           -
[-        ] createNetworkGraphML           -
[39/9b5c80] createTallRawData (1)          | 1 of 1 ✔
[-        ] createMztabOutput              -

executor >  slurm (159)
[a1/7db0da] filesummary (1)                | 1 of 1 ✔
[18/c34b68] qua…tion_table_reformatted (1) | 1 of 1 ✔
[5b/6eefd2] filter_spectra (1)             | 1 of 1 ✔
[74/3fa1d0] librarySearchData (73)         | 65 of 75
[-        ] librarymergeResults            -
[14/f17e98] summaryLibrary (68)            | 75 of 75 ✔
[-        ] librarygetGNPSAnnotations      -
[d5/d75885] networkingGNPSPrepParams (1)   | 1 of 1 ✔
[fc/8b8af4] calculatePairs (1)             | 1 of 1 ✔
[57/959e5d] filterNetwork (1)              | 1 of 1 ✔
[2d/188536] createMetadataFile             | 1 of 1 ✔
[a4/77460d] calculateGroupings (1)         | 1 of 1 ✔
[-        ] enrichClusterSummary           -
[-        ] createNetworkGraphML           -
[39/9b5c80] createTallRawData (1)          | 1 of 1 ✔
[-        ] createMztabOutput              -

executor >  slurm (159)
[a1/7db0da] filesummary (1)                | 1 of 1 ✔
[18/c34b68] qua…tion_table_reformatted (1) | 1 of 1 ✔
[5b/6eefd2] filter_spectra (1)             | 1 of 1 ✔
[a6/21a3b6] librarySearchData (74)         | 68 of 75
[-        ] librarymergeResults            -
[14/f17e98] summaryLibrary (68)            | 75 of 75 ✔
[-        ] librarygetGNPSAnnotations      -
[d5/d75885] networkingGNPSPrepParams (1)   | 1 of 1 ✔
[fc/8b8af4] calculatePairs (1)             | 1 of 1 ✔
[57/959e5d] filterNetwork (1)              | 1 of 1 ✔
[2d/188536] createMetadataFile             | 1 of 1 ✔
[a4/77460d] calculateGroupings (1)         | 1 of 1 ✔
[-        ] enrichClusterSummary           -
[-        ] createNetworkGraphML           -
[39/9b5c80] createTallRawData (1)          | 1 of 1 ✔
[-        ] createMztabOutput              -

executor >  slurm (159)
[a1/7db0da] filesummary (1)                | 1 of 1 ✔
[18/c34b68] qua…tion_table_reformatted (1) | 1 of 1 ✔
[5b/6eefd2] filter_spectra (1)             | 1 of 1 ✔
[75/38b3f1] librarySearchData (53)         | 69 of 75
[-        ] librarymergeResults            -
[14/f17e98] summaryLibrary (68)            | 75 of 75 ✔
[-        ] librarygetGNPSAnnotations      -
[d5/d75885] networkingGNPSPrepParams (1)   | 1 of 1 ✔
[fc/8b8af4] calculatePairs (1)             | 1 of 1 ✔
[57/959e5d] filterNetwork (1)              | 1 of 1 ✔
[2d/188536] createMetadataFile             | 1 of 1 ✔
[a4/77460d] calculateGroupings (1)         | 1 of 1 ✔
[-        ] enrichClusterSummary           -
[-        ] createNetworkGraphML           -
[39/9b5c80] createTallRawData (1)          | 1 of 1 ✔
[-        ] createMztabOutput              -

executor >  slurm (159)
[a1/7db0da] filesummary (1)                | 1 of 1 ✔
[18/c34b68] qua…tion_table_reformatted (1) | 1 of 1 ✔
[5b/6eefd2] filter_spectra (1)             | 1 of 1 ✔
[7f/524e7d] librarySearchData (64)         | 71 of 75
[-        ] librarymergeResults            -
[14/f17e98] summaryLibrary (68)            | 75 of 75 ✔
[-        ] librarygetGNPSAnnotations      -
[d5/d75885] networkingGNPSPrepParams (1)   | 1 of 1 ✔
[fc/8b8af4] calculatePairs (1)             | 1 of 1 ✔
[57/959e5d] filterNetwork (1)              | 1 of 1 ✔
[2d/188536] createMetadataFile             | 1 of 1 ✔
[a4/77460d] calculateGroupings (1)         | 1 of 1 ✔
[-        ] enrichClusterSummary           -
[-        ] createNetworkGraphML           -
[39/9b5c80] createTallRawData (1)          | 1 of 1 ✔
[-        ] createMztabOutput              -

executor >  slurm (159)
[a1/7db0da] filesummary (1)                | 1 of 1 ✔
[18/c34b68] qua…tion_table_reformatted (1) | 1 of 1 ✔
[5b/6eefd2] filter_spectra (1)             | 1 of 1 ✔
[0a/a31b08] librarySearchData (12)         | 72 of 75
[-        ] librarymergeResults            -
[14/f17e98] summaryLibrary (68)            | 75 of 75 ✔
[-        ] librarygetGNPSAnnotations      -
[d5/d75885] networkingGNPSPrepParams (1)   | 1 of 1 ✔
[fc/8b8af4] calculatePairs (1)             | 1 of 1 ✔
[57/959e5d] filterNetwork (1)              | 1 of 1 ✔
[2d/188536] createMetadataFile             | 1 of 1 ✔
[a4/77460d] calculateGroupings (1)         | 1 of 1 ✔
[-        ] enrichClusterSummary           -
[-        ] createNetworkGraphML           -
[39/9b5c80] createTallRawData (1)          | 1 of 1 ✔
[-        ] createMztabOutput              -

executor >  slurm (159)
[a1/7db0da] filesummary (1)                | 1 of 1 ✔
[18/c34b68] qua…tion_table_reformatted (1) | 1 of 1 ✔
[5b/6eefd2] filter_spectra (1)             | 1 of 1 ✔
[e2/cba760] librarySearchData (48)         | 73 of 75
[-        ] librarymergeResults            -
[14/f17e98] summaryLibrary (68)            | 75 of 75 ✔
[-        ] librarygetGNPSAnnotations      -
[d5/d75885] networkingGNPSPrepParams (1)   | 1 of 1 ✔
[fc/8b8af4] calculatePairs (1)             | 1 of 1 ✔
[57/959e5d] filterNetwork (1)              | 1 of 1 ✔
[2d/188536] createMetadataFile             | 1 of 1 ✔
[a4/77460d] calculateGroupings (1)         | 1 of 1 ✔
[-        ] enrichClusterSummary           -
[-        ] createNetworkGraphML           -
[39/9b5c80] createTallRawData (1)          | 1 of 1 ✔
[-        ] createMztabOutput              -

executor >  slurm (159)
[a1/7db0da] filesummary (1)                | 1 of 1 ✔
[18/c34b68] qua…tion_table_reformatted (1) | 1 of 1 ✔
[5b/6eefd2] filter_spectra (1)             | 1 of 1 ✔
[fd/3cf1a4] librarySearchData (41)         | 74 of 75
[-        ] librarymergeResults            -
[14/f17e98] summaryLibrary (68)            | 75 of 75 ✔
[-        ] librarygetGNPSAnnotations      -
[d5/d75885] networkingGNPSPrepParams (1)   | 1 of 1 ✔
[fc/8b8af4] calculatePairs (1)             | 1 of 1 ✔
[57/959e5d] filterNetwork (1)              | 1 of 1 ✔
[2d/188536] createMetadataFile             | 1 of 1 ✔
[a4/77460d] calculateGroupings (1)         | 1 of 1 ✔
[-        ] enrichClusterSummary           -
[-        ] createNetworkGraphML           -
[39/9b5c80] createTallRawData (1)          | 1 of 1 ✔
[-        ] createMztabOutput              -

executor >  slurm (159)
[a1/7db0da] filesummary (1)                | 1 of 1 ✔
[18/c34b68] qua…tion_table_reformatted (1) | 1 of 1 ✔
[5b/6eefd2] filter_spectra (1)             | 1 of 1 ✔
[4b/bdfa44] librarySearchData (68)         | 75 of 75 ✔
[-        ] librarymergeResults            -
[14/f17e98] summaryLibrary (68)            | 75 of 75 ✔
[-        ] librarygetGNPSAnnotations      -
[d5/d75885] networkingGNPSPrepParams (1)   | 1 of 1 ✔
[fc/8b8af4] calculatePairs (1)             | 1 of 1 ✔
[57/959e5d] filterNetwork (1)              | 1 of 1 ✔
[2d/188536] createMetadataFile             | 1 of 1 ✔
[a4/77460d] calculateGroupings (1)         | 1 of 1 ✔
[-        ] enrichClusterSummary           -
[-        ] createNetworkGraphML           -
[39/9b5c80] createTallRawData (1)          | 1 of 1 ✔
[-        ] createMztabOutput              -

executor >  slurm (160)
[a1/7db0da] filesummary (1)                | 1 of 1 ✔
[18/c34b68] qua…tion_table_reformatted (1) | 1 of 1 ✔
[5b/6eefd2] filter_spectra (1)             | 1 of 1 ✔
[4b/bdfa44] librarySearchData (68)         | 75 of 75 ✔
[ad/97ab6a] librarymergeResults            | 0 of 1
[14/f17e98] summaryLibrary (68)            | 75 of 75 ✔
[-        ] librarygetGNPSAnnotations      -
[d5/d75885] networkingGNPSPrepParams (1)   | 1 of 1 ✔
[fc/8b8af4] calculatePairs (1)             | 1 of 1 ✔
[57/959e5d] filterNetwork (1)              | 1 of 1 ✔
[2d/188536] createMetadataFile             | 1 of 1 ✔
[a4/77460d] calculateGroupings (1)         | 1 of 1 ✔
[-        ] enrichClusterSummary           -
[-        ] createNetworkGraphML           -
[39/9b5c80] createTallRawData (1)          | 1 of 1 ✔
[-        ] createMztabOutput              -

executor >  slurm (160)
[a1/7db0da] filesummary (1)                | 1 of 1 ✔
[18/c34b68] qua…tion_table_reformatted (1) | 1 of 1 ✔
[5b/6eefd2] filter_spectra (1)             | 1 of 1 ✔
[4b/bdfa44] librarySearchData (68)         | 75 of 75 ✔
[ad/97ab6a] librarymergeResults            | 0 of 1
[14/f17e98] summaryLibrary (68)            | 75 of 75 ✔
[-        ] librarygetGNPSAnnotations      -
[d5/d75885] networkingGNPSPrepParams (1)   | 1 of 1 ✔
[fc/8b8af4] calculatePairs (1)             | 1 of 1 ✔
[57/959e5d] filterNetwork (1)              | 1 of 1 ✔
[2d/188536] createMetadataFile             | 1 of 1 ✔
[a4/77460d] calculateGroupings (1)         | 1 of 1 ✔
[-        ] enrichClusterSummary           -
[-        ] createNetworkGraphML           -
[39/9b5c80] createTallRawData (1)          | 1 of 1 ✔
[-        ] createMztabOutput              -

executor >  slurm (161)
[a1/7db0da] filesummary (1)                | 1 of 1 ✔
[18/c34b68] qua…tion_table_reformatted (1) | 1 of 1 ✔
[5b/6eefd2] filter_spectra (1)             | 1 of 1 ✔
[4b/bdfa44] librarySearchData (68)         | 75 of 75 ✔
[ad/97ab6a] librarymergeResults            | 1 of 1 ✔
[14/f17e98] summaryLibrary (68)            | 75 of 75 ✔
[00/75a0a1] librarygetGNPSAnnotations (1)  | 0 of 1
[d5/d75885] networkingGNPSPrepParams (1)   | 1 of 1 ✔
[fc/8b8af4] calculatePairs (1)             | 1 of 1 ✔
[57/959e5d] filterNetwork (1)              | 1 of 1 ✔
[2d/188536] createMetadataFile             | 1 of 1 ✔
[a4/77460d] calculateGroupings (1)         | 1 of 1 ✔
[-        ] enrichClusterSummary           -
[-        ] createNetworkGraphML           -
[39/9b5c80] createTallRawData (1)          | 1 of 1 ✔
[-        ] createMztabOutput              -

executor >  slurm (161)
[a1/7db0da] filesummary (1)                | 1 of 1 ✔
[18/c34b68] qua…tion_table_reformatted (1) | 1 of 1 ✔
[5b/6eefd2] filter_spectra (1)             | 1 of 1 ✔
[4b/bdfa44] librarySearchData (68)         | 75 of 75 ✔
[ad/97ab6a] librarymergeResults            | 1 of 1 ✔
[14/f17e98] summaryLibrary (68)            | 75 of 75 ✔
[00/75a0a1] librarygetGNPSAnnotations (1)  | 0 of 1
[d5/d75885] networkingGNPSPrepParams (1)   | 1 of 1 ✔
[fc/8b8af4] calculatePairs (1)             | 1 of 1 ✔
[57/959e5d] filterNetwork (1)              | 1 of 1 ✔
[2d/188536] createMetadataFile             | 1 of 1 ✔
[a4/77460d] calculateGroupings (1)         | 1 of 1 ✔
[-        ] enrichClusterSummary           -
[-        ] createNetworkGraphML           -
[39/9b5c80] createTallRawData (1)          | 1 of 1 ✔
[-        ] createMztabOutput              -

executor >  slurm (162)
[a1/7db0da] filesummary (1)                | 1 of 1 ✔
[18/c34b68] qua…tion_table_reformatted (1) | 1 of 1 ✔
[5b/6eefd2] filter_spectra (1)             | 1 of 1 ✔
[4b/bdfa44] librarySearchData (68)         | 75 of 75 ✔
[ad/97ab6a] librarymergeResults            | 1 of 1 ✔
[14/f17e98] summaryLibrary (68)            | 75 of 75 ✔
[00/75a0a1] librarygetGNPSAnnotations (1)  | 1 of 1 ✔
[d5/d75885] networkingGNPSPrepParams (1)   | 1 of 1 ✔
[fc/8b8af4] calculatePairs (1)             | 1 of 1 ✔
[57/959e5d] filterNetwork (1)              | 1 of 1 ✔
[2d/188536] createMetadataFile             | 1 of 1 ✔
[a4/77460d] calculateGroupings (1)         | 1 of 1 ✔
[b5/180f43] enrichClusterSummary (1)       | 0 of 1
[-        ] createNetworkGraphML           -
[39/9b5c80] createTallRawData (1)          | 1 of 1 ✔
[-        ] createMztabOutput              -

executor >  slurm (162)
[a1/7db0da] filesummary (1)                | 1 of 1 ✔
[18/c34b68] qua…tion_table_reformatted (1) | 1 of 1 ✔
[5b/6eefd2] filter_spectra (1)             | 1 of 1 ✔
[4b/bdfa44] librarySearchData (68)         | 75 of 75 ✔
[ad/97ab6a] librarymergeResults            | 1 of 1 ✔
[14/f17e98] summaryLibrary (68)            | 75 of 75 ✔
[00/75a0a1] librarygetGNPSAnnotations (1)  | 1 of 1 ✔
[d5/d75885] networkingGNPSPrepParams (1)   | 1 of 1 ✔
[fc/8b8af4] calculatePairs (1)             | 1 of 1 ✔
[57/959e5d] filterNetwork (1)              | 1 of 1 ✔
[2d/188536] createMetadataFile             | 1 of 1 ✔
[a4/77460d] calculateGroupings (1)         | 1 of 1 ✔
[b5/180f43] enrichClusterSummary (1)       | 0 of 1
[-        ] createNetworkGraphML           -
[39/9b5c80] createTallRawData (1)          | 1 of 1 ✔
[-        ] createMztabOutput              -

executor >  slurm (164)
[a1/7db0da] filesummary (1)                | 1 of 1 ✔
[18/c34b68] qua…tion_table_reformatted (1) | 1 of 1 ✔
[5b/6eefd2] filter_spectra (1)             | 1 of 1 ✔
[4b/bdfa44] librarySearchData (68)         | 75 of 75 ✔
[ad/97ab6a] librarymergeResults            | 1 of 1 ✔
[14/f17e98] summaryLibrary (68)            | 75 of 75 ✔
[00/75a0a1] librarygetGNPSAnnotations (1)  | 1 of 1 ✔
[d5/d75885] networkingGNPSPrepParams (1)   | 1 of 1 ✔
[fc/8b8af4] calculatePairs (1)             | 1 of 1 ✔
[57/959e5d] filterNetwork (1)              | 1 of 1 ✔
[2d/188536] createMetadataFile             | 1 of 1 ✔
[a4/77460d] calculateGroupings (1)         | 1 of 1 ✔
[b5/180f43] enrichClusterSummary (1)       | 1 of 1 ✔
[2b/83b618] createNetworkGraphML (1)       | 0 of 1
[39/9b5c80] createTallRawData (1)          | 1 of 1 ✔
[dc/b87ab0] createMztabOutput (1)          | 0 of 1

executor >  slurm (164)
[a1/7db0da] filesummary (1)                | 1 of 1 ✔
[18/c34b68] qua…tion_table_reformatted (1) | 1 of 1 ✔
[5b/6eefd2] filter_spectra (1)             | 1 of 1 ✔
[4b/bdfa44] librarySearchData (68)         | 75 of 75 ✔
[ad/97ab6a] librarymergeResults            | 1 of 1 ✔
[14/f17e98] summaryLibrary (68)            | 75 of 75 ✔
[00/75a0a1] librarygetGNPSAnnotations (1)  | 1 of 1 ✔
[d5/d75885] networkingGNPSPrepParams (1)   | 1 of 1 ✔
[fc/8b8af4] calculatePairs (1)             | 1 of 1 ✔
[57/959e5d] filterNetwork (1)              | 1 of 1 ✔
[2d/188536] createMetadataFile             | 1 of 1 ✔
[a4/77460d] calculateGroupings (1)         | 1 of 1 ✔
[b5/180f43] enrichClusterSummary (1)       | 1 of 1 ✔
[2b/83b618] createNetworkGraphML (1)       | 0 of 1
[39/9b5c80] createTallRawData (1)          | 1 of 1 ✔
[dc/b87ab0] createMztabOutput (1)          | 0 of 1

executor >  slurm (164)
[a1/7db0da] filesummary (1)                | 1 of 1 ✔
[18/c34b68] qua…tion_table_reformatted (1) | 1 of 1 ✔
[5b/6eefd2] filter_spectra (1)             | 1 of 1 ✔
[4b/bdfa44] librarySearchData (68)         | 75 of 75 ✔
[ad/97ab6a] librarymergeResults            | 1 of 1 ✔
[14/f17e98] summaryLibrary (68)            | 75 of 75 ✔
[00/75a0a1] librarygetGNPSAnnotations (1)  | 1 of 1 ✔
[d5/d75885] networkingGNPSPrepParams (1)   | 1 of 1 ✔
[fc/8b8af4] calculatePairs (1)             | 1 of 1 ✔
[57/959e5d] filterNetwork (1)              | 1 of 1 ✔
[2d/188536] createMetadataFile             | 1 of 1 ✔
[a4/77460d] calculateGroupings (1)         | 1 of 1 ✔
[b5/180f43] enrichClusterSummary (1)       | 1 of 1 ✔
[2b/83b618] createNetworkGraphML (1)       | 0 of 1
[39/9b5c80] createTallRawData (1)          | 1 of 1 ✔
[dc/b87ab0] createMztabOutput (1)          | 1 of 1 ✔

executor >  slurm (164)
[a1/7db0da] filesummary (1)                | 1 of 1 ✔
[18/c34b68] qua…tion_table_reformatted (1) | 1 of 1 ✔
[5b/6eefd2] filter_spectra (1)             | 1 of 1 ✔
[4b/bdfa44] librarySearchData (68)         | 75 of 75 ✔
[ad/97ab6a] librarymergeResults            | 1 of 1 ✔
[14/f17e98] summaryLibrary (68)            | 75 of 75 ✔
[00/75a0a1] librarygetGNPSAnnotations (1)  | 1 of 1 ✔
[d5/d75885] networkingGNPSPrepParams (1)   | 1 of 1 ✔
[fc/8b8af4] calculatePairs (1)             | 1 of 1 ✔
[57/959e5d] filterNetwork (1)              | 1 of 1 ✔
[2d/188536] createMetadataFile             | 1 of 1 ✔
[a4/77460d] calculateGroupings (1)         | 1 of 1 ✔
[b5/180f43] enrichClusterSummary (1)       | 1 of 1 ✔
[2b/83b618] createNetworkGraphML (1)       | 1 of 1 ✔
[39/9b5c80] createTallRawData (1)          | 1 of 1 ✔
[dc/b87ab0] createMztabOutput (1)          | 1 of 1 ✔

executor >  slurm (164)
[a1/7db0da] filesummary (1)                | 1 of 1 ✔
[18/c34b68] qua…tion_table_reformatted (1) | 1 of 1 ✔
[5b/6eefd2] filter_spectra (1)             | 1 of 1 ✔
[4b/bdfa44] librarySearchData (68)         | 75 of 75 ✔
[ad/97ab6a] librarymergeResults            | 1 of 1 ✔
[14/f17e98] summaryLibrary (68)            | 75 of 75 ✔
[00/75a0a1] librarygetGNPSAnnotations (1)  | 1 of 1 ✔
[d5/d75885] networkingGNPSPrepParams (1)   | 1 of 1 ✔
[fc/8b8af4] calculatePairs (1)             | 1 of 1 ✔
[57/959e5d] filterNetwork (1)              | 1 of 1 ✔
[2d/188536] createMetadataFile             | 1 of 1 ✔
[a4/77460d] calculateGroupings (1)         | 1 of 1 ✔
[b5/180f43] enrichClusterSummary (1)       | 1 of 1 ✔
[2b/83b618] createNetworkGraphML (1)       | 1 of 1 ✔
[39/9b5c80] createTallRawData (1)          | 1 of 1 ✔
[dc/b87ab0] createMztabOutput (1)          | 1 of 1 ✔
Completed at: 01-Jun-2026 12:04:59
Duration    : 7m 32s
CPU hours   : 0.5
Succeeded   : 164


